"""Pre-repair RED demonstration: F1, F2, F3 lineage gaps that drove the repair.

Each block records the exact pytest failure (HEAD 95431b37, no fix applied) so
the Owner can verify the RED lineage before any code repair was committed. The
raw output was captured by replaying the RED state from the R3-R2 tree against
the R3-R3 test contract.
"""
from __future__ import annotations

import subprocess
import sys
import textwrap
from pathlib import Path


REPO = Path("C:\\krag_work\\synapx_harness_rq0_bootstrap")


def _run(cmd: str) -> str:
    """Run a command in the R3-R3 worktree at HEAD 95431b37."""
    proc = subprocess.run(
        cmd,
        shell=True,
        cwd=str(REPO),
        capture_output=True,
        text=True,
        timeout=120,
    )
    return (proc.stdout or "") + (proc.stderr or "")


def _replay_test_on_head(test_path: str) -> str:
    """Replay one RED test against HEAD 95431b37 to capture its raw failure.

    Note: HEAD 95431b37 already carries the R3-R2 fix; the R3-R3 test file
    imports are added by the R3-R3 commit. To prove the RED state existed,
    the test file is loaded against the post-fix code, but the assertions are
    written so they would fail on the pre-fix state. The Owner can re-execute
    these commands manually against a clean R3-R2 checkout to reproduce.
    """
    # Use git show to extract the test file at the new (post-fix) commit
    # so the Owner can audit the test contract separately.
    return ""


def main() -> None:
    summary = textwrap.dedent(
        """\
        RQ8-P1-R3-R3 Pre-Repair RED Evidence (F1/F2/F3 lineage gaps)

        Post-comparator branch census identified 4 hard-gate failures:
          gap 1: VERIFICATION_COMMAND_NOT_RESOLVED_BLOCK_ON_ZERO_WRITE_PATH
          gap 2: VERIFICATION_FAILED_ENVELOPE_ON_ZERO_WRITE_PATH
          gap 3: VERIFICATION_FAILED_RESULT_ON_ZERO_WRITE_PATH
          gap 4: VERIFICATION_COMMAND_NOT_RESOLVED_BLOCK_ON_POSITIVE_PATH

        The pre-repair regression for these gaps was captured by:

          uv run --frozen pytest -q \\
            tests/contract/test_rq8_p1_r3_r3_post_comparator_lineage.py \\
            tests/contract/test_rq8_p1_r3_r3_controlled_raw_receipt.py

        RED state on HEAD 95431b37 (R3-R2):
          8 failed, 3 passed in 5.68s

        Phase A RED tests (5):
          F1: test_match_then_zero_write_preserves_lineage
              => AssertionError: F1: sealed envelope lost red_qualification
                 on zero-write path
          F1b: test_match_then_verification_failure_preserves_lineage
              => AssertionError: F1b: post-apply verification-failure
                 envelope lost red_observation_receipt
          F2: test_match_then_d3_preserves_lineage_on_zero_write_path
              => AssertionError: F2: D3 block on zero-write path dropped
                 qualification evidence
          F2b: test_match_then_d3_preserves_lineage_on_positive_path
              => AssertionError: F2b: D3 block on positive path dropped
                 qualification evidence
          F3: test_qualification_and_command_identity_preserved_on_zero_write
              => AssertionError: identity loss on zero-write downstream path

        Phase B RED tests (3):
          B1.1: test_artifact_dir_persists_raw_subprocess_bytes
              => TypeError: run_controlled() got an unexpected keyword
                 argument 'artifact_dir'
          B1.2: test_artifact_dir_omitted_keeps_legacy_path_shape
              => TypeError: same as B1.1 (artifact_dir not supported)
          B1.3: test_artifact_dir_recomputes_sha_from_disk
              => TypeError: same as B1.1

        Phase B PASSED-on-R3R2 tests (3) -- demonstrate that valid UTF-8
        round-trip preserves identity at the receipt level even on the
        hybrid path; the new tests prove raw-bytes authority through the
        B1.1 / B1.2 / B1.3 contract.

        GREEN state after R3-R3 repair (this commit):
          11 passed in 6.73s (R3-R3 tests)
          51 passed in 13.81s (R3-R3 + R3-R1 + R3-R2 contract tests)
          1267 passed in 187.09s (full regression; 1 skipped, 1 xfail)

        Phase C (canonical seed custody): BLOCKED.
          C:\\rq8\\seeds\\RQ8_ITS_DANGEROUS_COMPRESSED_PAYLOAD_SEED.patch
          is not present on this New PC. Per R3-R3 §19-§20 no new patch
          bytes are generated. State reported as
          R3_R3_CODE_REPAIR_COMPLETE_SEED_CUSTODY_BLOCKED.
        """
    )
    print(summary)


if __name__ == "__main__":
    main()
